[DRY] mm=14 train=6 val=4 (imperfect pool=123, cycled=False)
=== dspy.GEPA compile (mm=14, cap $0.3) ===
2026/07/06 21:19:03 INFO dspy.teleprompt.gepa.gepa: Running GEPA for approx 14 metric calls of the program. This amounts to 1.40 full evals on the train+val set.
2026/07/06 21:19:03 INFO dspy.teleprompt.gepa.gepa: Using 4 examples for tracking Pareto scores.
GEPA Optimization:   0%|          | 0/14 [00:00<?, ?rollouts/s]2026/07/06 21:21:06 INFO dspy.evaluate.evaluate: Average Metric: 2.9999999999999996 / 4 (75.0%)
2026/07/06 21:21:06 INFO dspy.teleprompt.gepa.gepa: Iteration 0: Base program full valset score: 0.75 over 4 / 4 examples
GEPA Optimization:  29%|██▊       | 4/14 [02:03<05:07, 30.79s/rollouts]2026/07/06 21:21:06 INFO dspy.teleprompt.gepa.gepa: Iteration 1: Selected program 0 score: 0.75
  0%|          | 0/3 [00:00<?, ?it/s]Average Metric: 0.67 / 1 (66.7%):   0%|          | 0/3 [00:22<?, ?it/s]Average Metric: 0.67 / 1 (66.7%):  33%|███▎      | 1/3 [00:22<00:45, 22.79s/it]Average Metric: 1.33 / 2 (66.7%):  33%|███▎      | 1/3 [00:45<00:45, 22.79s/it]Average Metric: 1.33 / 2 (66.7%):  67%|██████▋   | 2/3 [00:45<00:22, 22.54s/it]Average Metric: 2.00 / 3 (66.7%):  67%|██████▋   | 2/3 [01:08<00:22, 22.54s/it]Average Metric: 2.00 / 3 (66.7%): 100%|██████████| 3/3 [01:08<00:00, 23.05s/it]Average Metric: 2.00 / 3 (66.7%): 100%|██████████| 3/3 [01:08<00:00, 22.93s/it]
2026/07/06 21:22:15 INFO dspy.evaluate.evaluate: Average Metric: 2.0 / 3 (66.7%)
2026/07/06 21:22:22 INFO dspy.teleprompt.gepa.gepa: Iteration 1: Proposed new text for gen_query.predict: Given the input fields `claim` and `notes`, your task is to generate a precise and relevant `query` that can be used to fact-check or verify the claim using the provided notes.

Detailed instructions:

1. Understand the claim carefully and identify its factual components—key entities, relationships, events, dates, and specific assertions.

2. Review the `notes`, which contain multiple distinct pieces of evidence or facts relevant to the claim. These notes often include domain-specific entities like names of people, films, events, companies, locations, dates, and their relationships.

3. Use the claim and notes together to formulate a focused query that:
   - Directly targets verification of the main factual assertions in the claim.
   - Is specific enough to retrieve any missing or remaining evidence needed to fully confirm or refute the claim.
   - Includes important details such as names, titles, dates, and contextual qualifiers to narrow down the search effectively.
   - Reflects the correct domain-specific terminology, names, and concepts found in the notes (e.g., film titles, actor names, event names, company founders).

4. Your query should be structured as a question (or concise question phrase) that a database or information retrieval system can directly use to fetch relevant documents or evidence.

5. When multiple elements are asserted in the claim (e.g., an actor’s involvement in two works, sponsorship details, event sponsorship and participants), construct the query to cover all components coherently and succinctly.

6. Aim for completeness: the query should help retrieve all related gold documents that verify each aspect of the claim, minimizing retrieval gaps. Incorporate all unique domain-specific elements that were either confirmed or still missing in feedback examples (e.g., actor names, film titles, company names, event titles, location).

7. Avoid vague or overly broad queries that might miss crucial specific facts or only partially cover the claim’s details.

Generalizable approach to formulating the query:  
- Extract core factual elements from the claim.  
- Cross-reference these elements with the notes to confirm their presence or spot gaps.  
- Formulate a precise question linking entities and facts that need verification.  
- Include qualifiers like dates, roles, titles, and locations explicitly to narrow scope.  
- Phrase the query naturally in plain English, suitable for search or retrieval.

By following these principles, your generated query will reliably facilitate full fact verification of the claim using the given notes, ensuring that all relevant domain-specific facts and nuances are properly captured.
2026/07/06 21:24:40 INFO dspy.evaluate.evaluate: Average Metric: 2.333333333333333 / 3 (77.8%)
2026/07/06 21:24:40 INFO dspy.teleprompt.gepa.gepa: Iteration 1: New subsample score 2.333333333333333 is better than old score 2.0. Continue to full eval and add to candidate pool.
2026/07/06 21:26:07 INFO dspy.evaluate.evaluate: Average Metric: 2.6666666666666665 / 4 (66.7%)
2026/07/06 21:26:07 INFO dspy.teleprompt.gepa.gepa: Iteration 1: Valset score for new program: 0.6666666666666666 (coverage 4 / 4)
2026/07/06 21:26:07 INFO dspy.teleprompt.gepa.gepa: Iteration 1: Val aggregate for new program: 0.6666666666666666
2026/07/06 21:26:07 INFO dspy.teleprompt.gepa.gepa: Iteration 1: Individual valset scores for new program: {0: 0.6666666666666666, 1: 0.6666666666666666, 2: 0.6666666666666666, 3: 0.6666666666666666}
2026/07/06 21:26:07 INFO dspy.teleprompt.gepa.gepa: Iteration 1: New valset pareto front scores: {0: 1.0, 1: 0.6666666666666666, 2: 0.6666666666666666, 3: 0.6666666666666666}
2026/07/06 21:26:07 INFO dspy.teleprompt.gepa.gepa: Iteration 1: Valset pareto front aggregate score: 0.75
2026/07/06 21:26:07 INFO dspy.teleprompt.gepa.gepa: Iteration 1: Updated valset pareto front programs: {0: {0}, 1: {0, 1}, 2: {0, 1}, 3: {0, 1}}
2026/07/06 21:26:07 INFO dspy.teleprompt.gepa.gepa: Iteration 1: Best valset aggregate score so far: 0.75
2026/07/06 21:26:07 INFO dspy.teleprompt.gepa.gepa: Iteration 1: Best program as per aggregate score on valset: 0
2026/07/06 21:26:07 INFO dspy.teleprompt.gepa.gepa: Iteration 1: Best score on valset: 0.75
2026/07/06 21:26:07 INFO dspy.teleprompt.gepa.gepa: Iteration 1: Linear pareto front program index: 0
2026/07/06 21:26:07 INFO dspy.teleprompt.gepa.gepa: Iteration 1: New program candidate index: 1
GEPA Optimization:  29%|██▊       | 4/14 [07:04<17:40, 106.04s/rollouts]

===== STAGE1 SEED-0 RUN SUMMARY =====
reflection events captured: 1  (wire seen: 1)  trace entries: 1
accepted candidates (incl seed): 2  -> non-seed: 1  | accepts inferred: 1
event/trace 1:1 aligned: True   accept-inference matches: True
total LM calls: task=84 reflection=1 (sum=85)
actual spend: $0.0712  (cap $0.3)   wall_clock: 424.2s
