threehop=1866; slice [50:450] target=110 imperfect cap=$3.0
[CALIB @5] 2.27s/claim $0.0/claim (2/5 imperfect) -> proj 400cl seq=15.1min $0.00; parallel x8
  graded=29 imperfect=17 $0.1095 1.7min
  graded=53 imperfect=28 $0.2146 3.1min
  graded=77 imperfect=42 $0.3286 5.0min
  graded=101 imperfect=54 $0.4396 6.6min
  graded=125 imperfect=63 $0.5541 8.0min
  graded=149 imperfect=72 $0.6629 9.5min
  graded=173 imperfect=83 $0.7742 11.0min
  graded=197 imperfect=97 $0.8808 12.9min
  graded=221 imperfect=109 $0.9874 14.7min
  graded=245 imperfect=123 $1.0942 16.1min

===== GRADE SUMMARY =====
{
  "slice_start": 50,
  "slice_end_attempted": 450,
  "graded": 245,
  "imperfect": 123,
  "perfect": 122,
  "spend_usd": 1.0942,
  "elapsed_s": 968.0,
  "stopped_reason": "target",
  "calibration_at_5": {
    "claims": 5,
    "elapsed_s": 11.37,
    "spend_usd": 0.0,
    "s_per_claim": 2.27,
    "usd_per_claim": 0.0,
    "imperfect_in_smoke": 2
  },
  "recall_hist": {
    "0.0": 18,
    "0.333": 35,
    "0.667": 70,
    "1.0": 122
  }
}
graded 245 -> 123 imperfect  $1.0942  16.1min
