/Users/neeldankar/Desktop/gepa-project/.venv/lib/python3.10/site-packages/syllapy/data_loader.py:3: UserWarning: pkg_resources is deprecated as an API. See https://setuptools.pypa.io/en/latest/pkg_resources.html. The pkg_resources package is slated for removal as early as 2025-11-30. Refrain from using this package or pin to Setuptools<81.
  import pkg_resources
Warning: You are sending unauthenticated requests to the HF Hub. Please set a HF_TOKEN to enable higher rate limits and faster downloads.
LM response was truncated (finish_reason='length', max_tokens=None). Consider increasing max_tokens for better results.
LM response was truncated (finish_reason='length', max_tokens=None). Consider increasing max_tokens for better results.
LM response was truncated (finish_reason='length', max_tokens=None). Consider increasing max_tokens for better results.
[FULL] 150 batches
  [10/150] spend $0.4899
  [20/150] spend $0.9345
  [30/150] spend $1.5414
  [40/150] spend $2.0272
  [50/150] spend $2.5120
  [60/150] spend $2.9980
  [70/150] spend $3.4867
  [80/150] spend $4.0375
  [90/150] spend $4.4475
  [100/150] spend $4.9656
  [110/150] spend $5.4430
  [120/150] spend $5.9045
  [130/150] spend $6.6193
  [140/150] spend $7.1509
  [150/150] spend $7.7399

DONE 150 batches. proposer $5.6647 + task $2.0752 = $7.7399  -> analysis/ablation/calls.csv
