/Users/neeldankar/Desktop/gepa-project/.venv/lib/python3.10/site-packages/syllapy/data_loader.py:3: UserWarning: pkg_resources is deprecated as an API. See https://setuptools.pypa.io/en/latest/pkg_resources.html. The pkg_resources package is slated for removal as early as 2025-11-30. Refrain from using this package or pin to Setuptools<81.
  import pkg_resources
Using the latest cached version of the dataset since allenai/IF_multi_constraints_upto5 couldn't be found on the Hugging Face Hub (offline mode is enabled).
Found the latest cached dataset configuration 'default' at /Users/neeldankar/.cache/huggingface/datasets/allenai___if_multi_constraints_upto5/default/0.0.0/2e3a77407b7fce69f95b248d64a884e3ae1c2423 (last modified on Fri Jun 26 21:10:57 2026).
Using the latest cached version of the dataset since allenai/IF_multi_constraints_upto5 couldn't be found on the Hugging Face Hub (offline mode is enabled).
Found the latest cached dataset configuration 'default' at /Users/neeldankar/.cache/huggingface/datasets/allenai___if_multi_constraints_upto5/default/0.0.0/2e3a77407b7fce69f95b248d64a884e3ae1c2423 (last modified on Fri Jun 26 21:10:57 2026).
/Users/neeldankar/Desktop/gepa-project/.venv/lib/python3.10/site-packages/syllapy/data_loader.py:3: UserWarning: pkg_resources is deprecated as an API. See https://setuptools.pypa.io/en/latest/pkg_resources.html. The pkg_resources package is slated for removal as early as 2025-11-30. Refrain from using this package or pin to Setuptools<81.
  import pkg_resources
Using the latest cached version of the dataset since allenai/IF_multi_constraints_upto5 couldn't be found on the Hugging Face Hub (offline mode is enabled).
Found the latest cached dataset configuration 'default' at /Users/neeldankar/.cache/huggingface/datasets/allenai___if_multi_constraints_upto5/default/0.0.0/2e3a77407b7fce69f95b248d64a884e3ae1c2423 (last modified on Fri Jun 26 21:10:57 2026).
Using the latest cached version of the dataset since allenai/IF_multi_constraints_upto5 couldn't be found on the Hugging Face Hub (offline mode is enabled).
Found the latest cached dataset configuration 'default' at /Users/neeldankar/.cache/huggingface/datasets/allenai___if_multi_constraints_upto5/default/0.0.0/2e3a77407b7fce69f95b248d64a884e3ae1c2423 (last modified on Fri Jun 26 21:10:57 2026).
APPROVED_V2 present (mtime=2026-07-04 23:31:57) — proceeding.
PAIRING done: 382 pairs, 0 drops, cache-hit 0.00, spend $2.0718. Wrote analysis/ablation/batch_swap_v2/pairing.csv BEFORE any proposer call.
  [10] pairs done this run, spend $3.0058
  [20] pairs done this run, spend $3.9761
  [30] pairs done this run, spend $4.7763
  [40] pairs done this run, spend $5.7782
  [50] pairs done this run, spend $6.7104
  [60] pairs done this run, spend $7.7230
  [70] pairs done this run, spend $8.7730
  [80] pairs done this run, spend $9.7165
  [90] pairs done this run, spend $10.7386
  [100] pairs done this run, spend $11.7997
  [110] pairs done this run, spend $12.7284
  [120] pairs done this run, spend $13.7167
  [130] pairs done this run, spend $14.6622
  [140] pairs done this run, spend $15.7368
  [150] pairs done this run, spend $16.6865
  [160] pairs done this run, spend $17.5654
  [170] pairs done this run, spend $18.5314
  [180] pairs done this run, spend $19.4569
  [190] pairs done this run, spend $20.4287
  [200] pairs done this run, spend $21.3334
  [210] pairs done this run, spend $22.2259
  [220] pairs done this run, spend $23.2547
  [230] pairs done this run, spend $24.2820
  [240] pairs done this run, spend $25.2450
  [250] pairs done this run, spend $26.2366
  [260] pairs done this run, spend $27.1986
  [270] pairs done this run, spend $28.1501
  [280] pairs done this run, spend $29.1594
  [290] pairs done this run, spend $30.1523
  [300] pairs done this run, spend $31.0786
  [310] pairs done this run, spend $32.1418
  [320] pairs done this run, spend $32.8784
  [330] pairs done this run, spend $33.8001
  [340] pairs done this run, spend $34.6874
  [350] pairs done this run, spend $35.6688
  [360] pairs done this run, spend $36.6028
  [370] pairs done this run, spend $37.5072
  [380] pairs done this run, spend $38.5230

DONE 382 new pairs. proposer $22.7186 + task $16.0259 = $38.7445 -> analysis/ablation/batch_swap_v2/calls.csv
