[gate ok] APPROVED-backfill  bytes=379  sha256=c7230f6bb4bcd49e...
[gate ok] APPROVED-backfill  selection N=50  test N=150  cap $44.0
  seed 0 cand  0/10  sel_mean=0.5800  $0.231  214.3s
  seed 0 cand  1/10  sel_mean=0.5133  $0.495  235.5s
  seed 0 cand  2/10  sel_mean=0.5267  $0.771  214.0s
  seed 0 cand  3/10  sel_mean=0.5400  $1.051  205.5s
  seed 0 cand  4/10  sel_mean=0.5667  $1.368  225.2s
  seed 0 cand  5/10  sel_mean=0.5400  $1.699  208.9s
  seed 0 cand  6/10  sel_mean=0.5267  $2.021  211.0s
  seed 0 cand  7/10  sel_mean=0.5467  $2.301  196.6s
  seed 0 cand  8/10  sel_mean=0.5533  $2.644  205.8s
  seed 0 cand  9/10  sel_mean=0.5800  $2.936  165.6s
  seed 0 cand 10/10  sel_mean=0.5800  $3.261  171.8s
  seed 0: §8b winner = candidate 0 (sel_mean 0.5800), val-argmax was 3 -> DIFFER
/Users/neeldankar/.local/share/uv/python/cpython-3.12.13-macos-aarch64-none/lib/python3.12/multiprocessing/resource_tracker.py:279: UserWarning: resource_tracker: There appear to be 1 leaked semaphore objects to clean up at shutdown
  warnings.warn('resource_tracker: There appear to be %d '
[gate ok] APPROVED-backfill  bytes=379  sha256=c7230f6bb4bcd49e...
[gate ok] APPROVED-backfill  selection N=50  test N=150  cap $8.0/seed, $44.0 job, workers 32 (NOT the 8 default)
  seed 0: resumed 11 candidate scores from checkpoint ($0)
  seed 0: §8b winner = candidate 0 (sel_mean 0.5800), val-argmax was 3 -> DIFFER
  seed 1 cand  0/10  sel_mean=0.4800  $0.234 seed / $0.234 job  81.2s
  seed 1 cand  1/10  sel_mean=0.5333  $0.500 seed / $0.500 job  96.9s
  seed 1 cand  2/10  sel_mean=0.5733  $0.801 seed / $0.801 job  63.1s
  seed 1 cand  3/10  sel_mean=0.5467  $1.111 seed / $1.111 job  179.6s
  seed 1 cand  4/10  sel_mean=0.5800  $1.435 seed / $1.435 job  99.6s
  seed 1 cand  5/10  sel_mean=0.5467  $1.834 seed / $1.834 job  178.1s
  seed 1 cand  6/10  sel_mean=0.5400  $2.172 seed / $2.172 job  72.2s
  seed 1 cand  7/10  sel_mean=0.5800  $2.557 seed / $2.557 job  221.9s
  seed 1 cand  8/10  sel_mean=0.5200  $2.850 seed / $2.850 job  70.0s
  seed 1 cand  9/10  sel_mean=0.5533  $3.239 seed / $3.239 job  228.2s
  seed 1 cand 10/10  sel_mean=0.5333  $3.628 seed / $3.628 job  271.8s
  seed 1: §8b winner = candidate 4 (sel_mean 0.5800), val-argmax was 9 -> DIFFER
  seed 2 cand  0/12  sel_mean=0.5400  $0.235 seed / $3.863 job  106.2s
  seed 2 cand  1/12  sel_mean=0.5467  $0.518 seed / $4.146 job  53.1s
  seed 2 cand  2/12  sel_mean=0.5333  $0.827 seed / $4.455 job  82.5s
  seed 2 cand  3/12  sel_mean=0.5667  $1.115 seed / $4.743 job  68.6s
  seed 2 cand  4/12  sel_mean=0.5533  $1.455 seed / $5.083 job  79.3s
  seed 2 cand  5/12  sel_mean=0.5400  $1.831 seed / $5.459 job  76.4s
  seed 2 cand  6/12  sel_mean=0.5267  $2.116 seed / $5.744 job  74.4s
  seed 2 cand  7/12  sel_mean=0.5667  $2.445 seed / $6.073 job  63.0s
  seed 2 cand  8/12  sel_mean=0.5667  $2.732 seed / $6.360 job  67.6s
  seed 2 cand  9/12  sel_mean=0.5333  $3.052 seed / $6.680 job  62.8s
  seed 2 cand 10/12  sel_mean=0.5600  $3.367 seed / $6.995 job  88.5s
  seed 2 cand 11/12  sel_mean=0.5400  $3.674 seed / $7.302 job  82.8s
  seed 2 cand 12/12  sel_mean=0.5733  $3.978 seed / $7.606 job  87.9s
  seed 2: §8b winner = candidate 12 (sel_mean 0.5733), val-argmax was 6 -> DIFFER
  seed 3 cand  0/10  sel_mean=0.5333  $0.236 seed / $7.842 job  91.6s
  seed 3 cand  1/10  sel_mean=0.5667  $0.524 seed / $8.130 job  73.9s
  seed 3 cand  2/10  sel_mean=0.5933  $0.797 seed / $8.403 job  70.2s
  seed 3 cand  3/10  sel_mean=0.5267  $1.072 seed / $8.678 job  80.5s
  seed 3 cand  4/10  sel_mean=0.5267  $1.348 seed / $8.954 job  81.8s
  seed 3 cand  5/10  sel_mean=0.5267  $1.664 seed / $9.270 job  79.4s
  seed 3 cand  6/10  sel_mean=0.5267  $1.989 seed / $9.595 job  58.5s
  seed 3 cand  7/10  sel_mean=0.5200  $2.275 seed / $9.881 job  55.7s
  seed 3 cand  8/10  sel_mean=0.5533  $2.624 seed / $10.230 job  60.3s
  seed 3 cand  9/10  sel_mean=0.5333  $2.953 seed / $10.559 job  55.8s
  seed 3 cand 10/10  sel_mean=0.5600  $3.272 seed / $10.878 job  54.6s
  seed 3: §8b winner = candidate 2 (sel_mean 0.5933), val-argmax was 4 -> DIFFER
  seed 4 cand  0/13  sel_mean=0.6067  $0.236 seed / $11.113 job  85.7s
  seed 4 cand  1/13  sel_mean=0.5800  $0.512 seed / $11.390 job  76.5s
  seed 4 cand  2/13  sel_mean=0.4467  $0.857 seed / $11.735 job  74.2s
  seed 4 cand  3/13  sel_mean=0.4467  $1.246 seed / $12.124 job  66.6s
  seed 4 cand  4/13  sel_mean=0.4733  $1.612 seed / $12.490 job  74.1s
  seed 4 cand  5/13  sel_mean=0.4800  $1.994 seed / $12.872 job  83.0s
  seed 4 cand  6/13  sel_mean=0.4800  $2.367 seed / $13.245 job  74.0s
  seed 4 cand  7/13  sel_mean=0.5067  $2.781 seed / $13.659 job  72.9s
  seed 4 cand  8/13  sel_mean=0.5333  $3.105 seed / $13.983 job  68.7s
  seed 4 cand  9/13  sel_mean=0.4667  $3.477 seed / $14.355 job  82.2s
  seed 4 cand 10/13  sel_mean=0.4600  $3.859 seed / $14.737 job  68.0s
  seed 4 cand 11/13  sel_mean=0.5667  $4.220 seed / $15.098 job  73.0s
  seed 4 cand 12/13  sel_mean=0.5133  $4.608 seed / $15.486 job  66.4s
  seed 4 cand 13/13  sel_mean=0.4933  $4.990 seed / $15.867 job  79.8s
  seed 4: §8b winner = candidate 0 (sel_mean 0.6067), val-argmax was 2 -> DIFFER
  seed 5 cand  0/9  sel_mean=0.5400  $0.237 seed / $16.104 job  58.7s
  seed 5 cand  1/9  sel_mean=0.5800  $0.535 seed / $16.402 job  64.9s
  seed 5 cand  2/9  sel_mean=0.6000  $0.858 seed / $16.725 job  78.7s
  seed 5 cand  3/9  sel_mean=0.5600  $1.163 seed / $17.030 job  89.1s
  seed 5 cand  4/9  sel_mean=0.5867  $1.489 seed / $17.357 job  63.2s
  seed 5 cand  5/9  sel_mean=0.6200  $1.839 seed / $17.706 job  62.5s
  seed 5 cand  6/9  sel_mean=0.5733  $2.196 seed / $18.064 job  69.3s
  seed 5 cand  7/9  sel_mean=0.5200  $2.521 seed / $18.388 job  66.4s
  seed 5 cand  8/9  sel_mean=0.5533  $2.867 seed / $18.735 job  78.2s
  seed 5 cand  9/9  sel_mean=0.6000  $3.206 seed / $19.074 job  65.2s
  seed 5: §8b winner = candidate 5 (sel_mean 0.6200), val-argmax was 5 -> AGREE
  seed 6 cand  0/12  sel_mean=0.5867  $0.233 seed / $19.307 job  67.4s
  seed 6 cand  1/12  sel_mean=0.5133  $0.536 seed / $19.610 job  59.4s
  seed 6 cand  2/12  sel_mean=0.5733  $0.843 seed / $19.917 job  61.6s
  seed 6 cand  3/12  sel_mean=0.5000  $1.181 seed / $20.254 job  71.2s
  seed 6 cand  4/12  sel_mean=0.5533  $1.517 seed / $20.591 job  81.6s
  seed 6 cand  5/12  sel_mean=0.5933  $1.895 seed / $20.968 job  74.3s
  seed 6 cand  6/12  sel_mean=0.6067  $2.236 seed / $21.310 job  61.9s
  seed 6 cand  7/12  sel_mean=0.5867  $2.535 seed / $21.609 job  67.7s
  seed 6 cand  8/12  sel_mean=0.5000  $2.888 seed / $21.962 job  66.4s
  seed 6 cand  9/12  sel_mean=0.5400  $3.208 seed / $22.282 job  70.0s
  seed 6 cand 10/12  sel_mean=0.5667  $3.578 seed / $22.651 job  72.3s
  seed 6 cand 11/12  sel_mean=0.5800  $3.867 seed / $22.941 job  94.0s
  seed 6 cand 12/12  sel_mean=0.5733  $4.273 seed / $23.346 job  78.7s
  seed 6: §8b winner = candidate 6 (sel_mean 0.6067), val-argmax was 0 -> DIFFER
  seed 7 cand  0/13  sel_mean=0.5333  $0.234 seed / $23.580 job  76.6s
  seed 7 cand  1/13  sel_mean=0.5867  $0.520 seed / $23.866 job  67.5s
  seed 7 cand  2/13  sel_mean=0.5267  $0.843 seed / $24.189 job  86.8s
  seed 7 cand  3/13  sel_mean=0.5400  $1.160 seed / $24.506 job  81.3s
  seed 7 cand  4/13  sel_mean=0.5600  $1.480 seed / $24.826 job  77.5s
  seed 7 cand  5/13  sel_mean=0.5467  $1.832 seed / $25.178 job  76.5s
  seed 7 cand  6/13  sel_mean=0.5733  $2.105 seed / $25.451 job  84.8s
  seed 7 cand  7/13  sel_mean=0.5400  $2.451 seed / $25.797 job  77.0s
  seed 7 cand  8/13  sel_mean=0.5400  $2.781 seed / $26.127 job  68.1s
  seed 7 cand  9/13  sel_mean=0.5133  $3.045 seed / $26.392 job  92.0s
  seed 7 cand 10/13  sel_mean=0.5000  $3.381 seed / $26.728 job  77.6s
  seed 7 cand 11/13  sel_mean=0.5267  $3.734 seed / $27.081 job  93.9s
  seed 7 cand 12/13  sel_mean=0.5200  $4.031 seed / $27.378 job  65.2s
  seed 7 cand 13/13  sel_mean=0.5600  $4.383 seed / $27.729 job  72.1s
  seed 7: §8b winner = candidate 1 (sel_mean 0.5867), val-argmax was 0 -> DIFFER

=== test evaluation of the 8 §8b winners ===
  seed 0: endpoint test score = 0.5533
  seed 1: endpoint test score = 0.5756
  seed 2: endpoint test score = 0.5622
  seed 3: endpoint test score = 0.5600
  seed 4: endpoint test score = 0.5489
  seed 5: endpoint test score = 0.6533
  seed 6: endpoint test score = 0.6356
  seed 7: endpoint test score = 0.5844

=== BACKFILL COMPLETE ===
  endpoints        : [0.5533, 0.5756, 0.5622, 0.56, 0.5489, 0.6533, 0.6356, 0.5844]
  mean / sd        : 0.5842 / 0.0367
  §8b differs from val-argmax on 7/8 seeds  (the direct measure of B10's cost)
  spend            : $34.7457 (job cap $44.0; $8.0/seed)
  wrote            : stage1_backfill_endpoints.json
  next             : mde_sim.py --endpoints stage1_backfill_endpoints.json --dose D
