=== §8b post-run selection pass ===
  run dirs        : 1
  gates required  : APPROVED-liverun
  candidates      : 10
  selection evals : 10 x 50 = 500
  test evals      : 1 x 1 x 150 = 150  (primary only; midpoint unbudgeted)
  estimated spend : ~$2.95
[gate ok] APPROVED-liverun  bytes=386  sha256=a89c00b72bceabb6...
    cand  0/9  sel_mean=0.5467  $0.233  201.4s
    cand  1/9  sel_mean=0.5067  $0.534  216.2s
    cand  2/9  sel_mean=0.5400  $0.856  203.2s
    cand  3/9  sel_mean=0.5133  $1.208  231.1s
    cand  4/9  sel_mean=0.5000  $1.582  251.6s
    cand  5/9  sel_mean=0.5467  $1.896  227.9s
    cand  6/9  sel_mean=0.5467  $2.203  213.3s
    cand  7/9  sel_mean=0.5333  $2.575  231.8s
    cand  8/9  sel_mean=0.5267  $2.977  266.8s
    cand  9/9  sel_mean=0.5533  $3.289  233.4s
  T_seed6: §8b winner = cand 9 (sel 0.5533) -> TEST 0.6044   [val-argmax was 6: DIFFER]   $4.213

=== POST-RUN PASS COMPLETE ===
  runs scored                       : 1
  §8b differs from val-argmax       : 1/1  (B10's realized cost)
  endpoint is the seed prompt       : 0/1
  spend                             : $4.2131
  per-run endpoints are in <run>/endpoints.json — results.md is NOT written here
