=== §8b post-run selection pass ===
  run dirs        : 1
  gates required  : APPROVED-liverun
  candidates      : 10
  selection evals : 10 x 50 = 500
  test evals      : 1 x 1 x 150 = 150  (primary only; midpoint unbudgeted)
  estimated spend : ~$2.95
[gate ok] APPROVED-liverun  bytes=386  sha256=a89c00b72bceabb6...
    cand  0/9  sel_mean=0.5800  $0.232  1875.0s
    cand  1/9  sel_mean=0.5467  $0.496  257.3s
    cand  2/9  sel_mean=0.5800  $0.787  294.5s
    cand  3/9  sel_mean=0.5067  $1.069  227.8s
    cand  4/9  sel_mean=0.5800  $1.358  252.4s
    cand  5/9  sel_mean=0.5600  $1.692  262.7s
    cand  6/9  sel_mean=0.5933  $2.010  243.6s
    cand  7/9  sel_mean=0.5400  $2.359  294.6s
    cand  8/9  sel_mean=0.5867  $2.707  274.1s
    cand  9/9  sel_mean=0.5400  $3.040  263.0s
  T_seed4: §8b winner = cand 6 (sel 0.5933) -> TEST 0.6578   [val-argmax was 5: DIFFER]   $3.994

=== POST-RUN PASS COMPLETE ===
  runs scored                       : 1
  §8b differs from val-argmax       : 1/1  (B10's realized cost)
  endpoint is the seed prompt       : 0/1
  spend                             : $3.9936
  per-run endpoints are in <run>/endpoints.json — results.md is NOT written here
