=== §8b post-run selection pass ===
  run dirs        : 1
  gates required  : APPROVED-liverun
  candidates      : 8
  selection evals : 8 x 50 = 400
  test evals      : 1 x 1 x 150 = 150  (primary only; midpoint unbudgeted)
  estimated spend : ~$2.50
[gate ok] APPROVED-liverun  bytes=386  sha256=a89c00b72bceabb6...
    cand  0/7  sel_mean=0.6000  $0.232  2094.5s
    cand  1/7  sel_mean=0.5867  $0.515  196.2s
    cand  2/7  sel_mean=0.5467  $0.810  173.4s
    cand  3/7  sel_mean=0.5000  $1.100  174.8s
    cand  4/7  sel_mean=0.5400  $1.378  178.1s
    cand  5/7  sel_mean=0.5200  $1.722  229.1s
    cand  6/7  sel_mean=0.5467  $2.029  194.3s
    cand  7/7  sel_mean=0.5133  $2.410  218.7s
  C_seed7: §8b winner = cand 0 (sel 0.6000) -> TEST 0.5689   [val-argmax was 2: DIFFER]   $3.109

=== POST-RUN PASS COMPLETE ===
  runs scored                       : 1
  §8b differs from val-argmax       : 1/1  (B10's realized cost)
  endpoint is the seed prompt       : 1/1
  spend                             : $3.1089
  per-run endpoints are in <run>/endpoints.json — results.md is NOT written here
