=== §8b post-run selection pass ===
  run dirs        : 1
  gates required  : APPROVED-liverun
  candidates      : 11
  selection evals : 11 x 50 = 550
  test evals      : 1 x 1 x 150 = 150  (primary only; midpoint unbudgeted)
  estimated spend : ~$3.18
[gate ok] APPROVED-liverun  bytes=386  sha256=a89c00b72bceabb6...
    cand  0/10  sel_mean=0.5467  $0.235  161.0s
    cand  1/10  sel_mean=0.5533  $0.512  152.7s
    cand  2/10  sel_mean=0.5200  $0.850  160.0s
    cand  3/10  sel_mean=0.5467  $1.157  151.9s
    cand  4/10  sel_mean=0.5400  $1.510  152.3s
    cand  5/10  sel_mean=0.5200  $1.867  162.8s
    cand  6/10  sel_mean=0.5133  $2.232  162.7s
    cand  7/10  sel_mean=0.4867  $2.597  168.2s
    cand  8/10  sel_mean=0.4800  $2.974  162.7s
    cand  9/10  sel_mean=0.5400  $3.362  185.4s
    cand 10/10  sel_mean=0.5133  $3.755  167.2s
  B_seed3: §8b winner = cand 1 (sel 0.5533) -> TEST 0.6022   [val-argmax was 8: DIFFER]   $4.585

=== POST-RUN PASS COMPLETE ===
  runs scored                       : 1
  §8b differs from val-argmax       : 1/1  (B10's realized cost)
  endpoint is the seed prompt       : 0/1
  spend                             : $4.5850
  per-run endpoints are in <run>/endpoints.json — results.md is NOT written here
