=== §8b post-run selection pass ===
  run dirs        : 1
  gates required  : APPROVED-liverun
  candidates      : 10
  selection evals : 10 x 50 = 500
  test evals      : 1 x 1 x 150 = 150  (primary only; midpoint unbudgeted)
  estimated spend : ~$2.95
[gate ok] APPROVED-liverun  bytes=386  sha256=a89c00b72bceabb6...
    cand  0/9  sel_mean=0.5400  $0.230  204.3s
    cand  1/9  sel_mean=0.5400  $0.517  218.5s
    cand  2/9  sel_mean=0.5067  $0.837  217.3s
    cand  3/9  sel_mean=0.5933  $1.140  295.3s
    cand  4/9  sel_mean=0.5333  $1.424  209.8s
    cand  5/9  sel_mean=0.5533  $1.713  204.8s
    cand  6/9  sel_mean=0.5400  $2.073  238.1s
    cand  7/9  sel_mean=0.5067  $2.363  193.2s
    cand  8/9  sel_mean=0.5133  $2.726  240.8s
    cand  9/9  sel_mean=0.5467  $3.038  223.7s
  T_seed0: §8b winner = cand 3 (sel 0.5933) -> TEST 0.5711   [val-argmax was 3: AGREE]   $3.953

=== POST-RUN PASS COMPLETE ===
  runs scored                       : 1
  §8b differs from val-argmax       : 0/1  (B10's realized cost)
  endpoint is the seed prompt       : 0/1
  spend                             : $3.9534
  per-run endpoints are in <run>/endpoints.json — results.md is NOT written here
