=== §8b post-run selection pass ===
  run dirs        : 1
  gates required  : APPROVED-liverun
  candidates      : 13
  selection evals : 13 x 50 = 650
  test evals      : 1 x 1 x 150 = 150  (primary only; midpoint unbudgeted)
  estimated spend : ~$3.63
[gate ok] APPROVED-liverun  bytes=386  sha256=a89c00b72bceabb6...
    cand  0/12  sel_mean=0.5400  $0.236  154.4s
    cand  1/12  sel_mean=0.5600  $0.511  156.0s
    cand  2/12  sel_mean=0.5733  $0.803  149.7s
    cand  3/12  sel_mean=0.6000  $1.158  169.3s
    cand  4/12  sel_mean=0.6000  $1.452  168.8s
    cand  5/12  sel_mean=0.5933  $1.780  164.8s
    cand  6/12  sel_mean=0.5667  $2.115  163.3s
    cand  7/12  sel_mean=0.5867  $2.478  174.9s
    cand  8/12  sel_mean=0.5667  $2.840  167.7s
    cand  9/12  sel_mean=0.5933  $3.137  156.6s
    cand 10/12  sel_mean=0.5600  $3.500  176.0s
    cand 11/12  sel_mean=0.5800  $3.881  169.1s
    cand 12/12  sel_mean=0.5733  $4.251  165.8s
  B_seed6: §8b winner = cand 3 (sel 0.6000) -> TEST 0.6400   [val-argmax was 11: DIFFER]   $5.303

=== POST-RUN PASS COMPLETE ===
  runs scored                       : 1
  §8b differs from val-argmax       : 1/1  (B10's realized cost)
  endpoint is the seed prompt       : 0/1
  spend                             : $5.3026
  per-run endpoints are in <run>/endpoints.json — results.md is NOT written here
