=== §8b post-run selection pass ===
  run dirs        : 1
  gates required  : APPROVED-liverun
  candidates      : 9
  selection evals : 9 x 50 = 450
  test evals      : 1 x 1 x 150 = 150  (primary only; midpoint unbudgeted)
  estimated spend : ~$2.73
[gate ok] APPROVED-liverun  bytes=386  sha256=a89c00b72bceabb6...
    cand  0/8  sel_mean=0.5667  $0.234  1778.0s
    cand  1/8  sel_mean=0.5467  $0.519  285.2s
    cand  2/8  sel_mean=0.6000  $0.799  246.1s
    cand  3/8  sel_mean=0.6000  $1.109  227.5s
    cand  4/8  sel_mean=0.5467  $1.478  255.1s
    cand  5/8  sel_mean=0.5667  $1.839  224.5s
    cand  6/8  sel_mean=0.5933  $2.131  249.7s
    cand  7/8  sel_mean=0.5000  $2.466  280.6s
    cand  8/8  sel_mean=0.5667  $2.778  269.9s
  B_seed5: §8b winner = cand 2 (sel 0.6000) -> TEST 0.5911   [val-argmax was 3: DIFFER]   $3.621

=== POST-RUN PASS COMPLETE ===
  runs scored                       : 1
  §8b differs from val-argmax       : 1/1  (B10's realized cost)
  endpoint is the seed prompt       : 0/1
  spend                             : $3.6212
  per-run endpoints are in <run>/endpoints.json — results.md is NOT written here
