=== §8b post-run selection pass ===
  run dirs        : 1
  gates required  : APPROVED-liverun
  candidates      : 14
  selection evals : 14 x 50 = 700
  test evals      : 1 x 1 x 150 = 150  (primary only; midpoint unbudgeted)
  estimated spend : ~$3.86
[gate ok] APPROVED-liverun  bytes=386  sha256=a89c00b72bceabb6...
    cand  0/13  sel_mean=0.5267  $0.231  220.8s
    cand  1/13  sel_mean=0.5533  $0.513  219.8s
    cand  2/13  sel_mean=0.5000  $0.833  219.8s
    cand  3/13  sel_mean=0.4800  $1.143  202.9s
    cand  4/13  sel_mean=0.4933  $1.476  243.8s
    cand  5/13  sel_mean=0.5067  $1.839  262.6s
    cand  6/13  sel_mean=0.4867  $2.203  235.6s
    cand  7/13  sel_mean=0.4867  $2.577  232.1s
    cand  8/13  sel_mean=0.5000  $2.975  269.8s
    cand  9/13  sel_mean=0.4933  $3.366  263.5s
    cand 10/13  sel_mean=0.5533  $3.781  298.5s
    cand 11/13  sel_mean=0.5600  $4.173  345.4s
    cand 12/13  sel_mean=0.4867  $4.590  561.6s
    cand 13/13  sel_mean=0.5600  $4.959  552.7s
  B_seed7: §8b winner = cand 11 (sel 0.5600) -> TEST 0.5756   [val-argmax was 9: DIFFER]   $6.134

=== POST-RUN PASS COMPLETE ===
  runs scored                       : 1
  §8b differs from val-argmax       : 1/1  (B10's realized cost)
  endpoint is the seed prompt       : 0/1
  spend                             : $6.1342
  per-run endpoints are in <run>/endpoints.json — results.md is NOT written here
