=== §8b post-run selection pass ===
  run dirs        : 1
  gates required  : APPROVED-liverun
  candidates      : 7
  selection evals : 7 x 50 = 350
  test evals      : 1 x 1 x 150 = 150  (primary only; midpoint unbudgeted)
  estimated spend : ~$2.27
[gate ok] APPROVED-liverun  bytes=386  sha256=a89c00b72bceabb6...
    cand  0/6  sel_mean=0.5333  $0.234  216.8s
    cand  1/6  sel_mean=0.5333  $0.514  233.2s
    cand  2/6  sel_mean=0.5467  $0.811  231.9s
    cand  3/6  sel_mean=0.5200  $1.156  234.7s
    cand  4/6  sel_mean=0.5000  $1.492  276.5s
    cand  5/6  sel_mean=0.5200  $1.844  255.4s
    cand  6/6  sel_mean=0.4933  $2.204  244.9s
  C_seed5: §8b winner = cand 2 (sel 0.5467) -> TEST 0.5844   [val-argmax was 1: DIFFER]   $3.091

=== POST-RUN PASS COMPLETE ===
  runs scored                       : 1
  §8b differs from val-argmax       : 1/1  (B10's realized cost)
  endpoint is the seed prompt       : 0/1
  spend                             : $3.0909
  per-run endpoints are in <run>/endpoints.json — results.md is NOT written here
