=== §8b post-run selection pass ===
  run dirs        : 1
  gates required  : APPROVED-liverun
  candidates      : 11
  selection evals : 11 x 50 = 550
  test evals      : 1 x 1 x 150 = 150  (primary only; midpoint unbudgeted)
  estimated spend : ~$3.18
[gate ok] APPROVED-liverun  bytes=386  sha256=a89c00b72bceabb6...
    cand  0/10  sel_mean=0.5867  $0.231  146.1s
    cand  1/10  sel_mean=0.5800  $0.521  162.6s
    cand  2/10  sel_mean=0.5800  $0.829  173.5s
    cand  3/10  sel_mean=0.5600  $1.169  171.4s
    cand  4/10  sel_mean=0.5533  $1.496  169.4s
    cand  5/10  sel_mean=0.5533  $1.806  176.5s
    cand  6/10  sel_mean=0.5200  $2.155  188.8s
    cand  7/10  sel_mean=0.5933  $2.534  186.6s
    cand  8/10  sel_mean=0.5600  $2.898  175.1s
    cand  9/10  sel_mean=0.5733  $3.285  199.4s
    cand 10/10  sel_mean=0.5733  $3.649  196.4s
  B_seed0: §8b winner = cand 7 (sel 0.5933) -> TEST 0.6333   [val-argmax was 9: DIFFER]   $4.785

=== POST-RUN PASS COMPLETE ===
  runs scored                       : 1
  §8b differs from val-argmax       : 1/1  (B10's realized cost)
  endpoint is the seed prompt       : 0/1
  spend                             : $4.7847
  per-run endpoints are in <run>/endpoints.json — results.md is NOT written here
