=== §8b post-run selection pass ===
  run dirs        : 1
  gates required  : APPROVED-liverun
  candidates      : 14
  selection evals : 14 x 50 = 700
  test evals      : 1 x 1 x 150 = 150  (primary only; midpoint unbudgeted)
  estimated spend : ~$3.86
[gate ok] APPROVED-liverun  bytes=386  sha256=a89c00b72bceabb6...
    cand  0/13  sel_mean=0.5533  $0.234  193.7s
    cand  1/13  sel_mean=0.5000  $0.526  219.7s
    cand  2/13  sel_mean=0.5400  $0.787  202.2s
    cand  3/13  sel_mean=0.5200  $1.105  215.6s
    cand  4/13  sel_mean=0.5400  $1.441  214.7s
    cand  5/13  sel_mean=0.5067  $1.716  193.9s
    cand  6/13  sel_mean=0.5467  $2.039  223.5s
    cand  7/13  sel_mean=0.6267  $2.306  190.4s
    cand  8/13  sel_mean=0.5800  $2.590  213.2s
    cand  9/13  sel_mean=0.5200  $2.943  215.6s
    cand 10/13  sel_mean=0.5133  $3.232  194.1s
    cand 11/13  sel_mean=0.5933  $3.521  192.6s
    cand 12/13  sel_mean=0.5200  $3.846  201.3s
    cand 13/13  sel_mean=0.5467  $4.156  216.3s
  B_seed4: §8b winner = cand 7 (sel 0.6267) -> TEST 0.5689   [val-argmax was 12: DIFFER]   $4.957

=== POST-RUN PASS COMPLETE ===
  runs scored                       : 1
  §8b differs from val-argmax       : 1/1  (B10's realized cost)
  endpoint is the seed prompt       : 0/1
  spend                             : $4.9572
  per-run endpoints are in <run>/endpoints.json — results.md is NOT written here
