=== §8b post-run selection pass ===
  run dirs        : 1
  gates required  : APPROVED-liverun
  candidates      : 10
  selection evals : 10 x 50 = 500
  test evals      : 1 x 1 x 150 = 150  (primary only; midpoint unbudgeted)
  estimated spend : ~$2.95
[gate ok] APPROVED-liverun  bytes=386  sha256=a89c00b72bceabb6...
    cand  0/9  sel_mean=0.6133  $0.232  148.6s
    cand  1/9  sel_mean=0.6000  $0.515  159.2s
    cand  2/9  sel_mean=0.5800  $0.842  180.8s
    cand  3/9  sel_mean=0.5333  $1.194  179.9s
    cand  4/9  sel_mean=0.5467  $1.567  220.0s
    cand  5/9  sel_mean=0.5267  $1.853  176.9s
    cand  6/9  sel_mean=0.5133  $2.148  170.3s
    cand  7/9  sel_mean=0.5400  $2.565  230.5s
    cand  8/9  sel_mean=0.6067  $2.971  221.8s
    cand  9/9  sel_mean=0.5400  $3.340  196.4s
  T_seed2: §8b winner = cand 0 (sel 0.6133) -> TEST 0.5756   [val-argmax was 2: DIFFER]   $4.031

=== POST-RUN PASS COMPLETE ===
  runs scored                       : 1
  §8b differs from val-argmax       : 1/1  (B10's realized cost)
  endpoint is the seed prompt       : 1/1
  spend                             : $4.0313
  per-run endpoints are in <run>/endpoints.json — results.md is NOT written here
