=== §8b post-run selection pass ===
  run dirs        : 1
  gates required  : APPROVED-liverun
  candidates      : 10
  selection evals : 10 x 50 = 500
  test evals      : 1 x 1 x 150 = 150  (primary only; midpoint unbudgeted)
  estimated spend : ~$2.95
[gate ok] APPROVED-liverun  bytes=386  sha256=a89c00b72bceabb6...
    cand  0/9  sel_mean=0.5733  $0.236  152.4s
    cand  1/9  sel_mean=0.5600  $0.508  147.5s
    cand  2/9  sel_mean=0.6000  $0.787  146.7s
    cand  3/9  sel_mean=0.5333  $1.118  162.9s
    cand  4/9  sel_mean=0.5800  $1.417  167.6s
    cand  5/9  sel_mean=0.5667  $1.737  177.0s
    cand  6/9  sel_mean=0.5467  $2.017  159.2s
    cand  7/9  sel_mean=0.5600  $2.303  158.0s
    cand  8/9  sel_mean=0.5600  $2.601  160.1s
    cand  9/9  sel_mean=0.5467  $2.891  157.5s
  C_seed4: §8b winner = cand 2 (sel 0.6000) -> TEST 0.5578   [val-argmax was 7: DIFFER]   $3.714

=== POST-RUN PASS COMPLETE ===
  runs scored                       : 1
  §8b differs from val-argmax       : 1/1  (B10's realized cost)
  endpoint is the seed prompt       : 0/1
  spend                             : $3.7139
  per-run endpoints are in <run>/endpoints.json — results.md is NOT written here
