=== §8b post-run selection pass ===
  run dirs        : 1
  gates required  : APPROVED-liverun
  candidates      : 11
  selection evals : 11 x 50 = 550
  test evals      : 1 x 1 x 150 = 150  (primary only; midpoint unbudgeted)
  estimated spend : ~$3.18
[gate ok] APPROVED-liverun  bytes=386  sha256=a89c00b72bceabb6...
    cand  0/10  sel_mean=0.5067  $0.235  191.7s
    cand  1/10  sel_mean=0.5333  $0.524  199.8s
    cand  2/10  sel_mean=0.5867  $0.791  214.6s
    cand  3/10  sel_mean=0.5133  $1.078  224.7s
    cand  4/10  sel_mean=0.5467  $1.412  235.1s
    cand  5/10  sel_mean=0.5133  $1.704  261.5s
    cand  6/10  sel_mean=0.5733  $2.074  235.0s
    cand  7/10  sel_mean=0.5333  $2.470  220.5s
    cand  8/10  sel_mean=0.5600  $2.842  234.5s
    cand  9/10  sel_mean=0.5533  $3.131  207.4s
    cand 10/10  sel_mean=0.5067  $3.531  236.5s
  B_seed1: §8b winner = cand 2 (sel 0.5867) -> TEST 0.6178   [val-argmax was 3: DIFFER]   $4.332

=== POST-RUN PASS COMPLETE ===
  runs scored                       : 1
  §8b differs from val-argmax       : 1/1  (B10's realized cost)
  endpoint is the seed prompt       : 0/1
  spend                             : $4.3322
  per-run endpoints are in <run>/endpoints.json — results.md is NOT written here
