=== §8b post-run selection pass ===
  run dirs        : 1
  gates required  : APPROVED-liverun
  candidates      : 4
  selection evals : 4 x 50 = 200
  test evals      : 1 x 1 x 150 = 150  (primary only; midpoint unbudgeted)
  estimated spend : ~$1.59
[gate ok] APPROVED-liverun  bytes=386  sha256=a89c00b72bceabb6...
python(61251) MallocStackLogging: can't turn off malloc stack logging because it was not enabled.
    cand  0/3  sel_mean=0.5733  $0.231  3857.6s
    cand  1/3  sel_mean=0.5600  $0.516  183.7s
    cand  2/3  sel_mean=0.4933  $0.783  171.3s
    cand  3/3  sel_mean=0.5733  $1.065  209.7s
  C_seed1: §8b winner = cand 0 (sel 0.5733) -> TEST 0.5933   [val-argmax was 0: AGREE]   $1.758

=== POST-RUN PASS COMPLETE ===
  runs scored                       : 1
  §8b differs from val-argmax       : 0/1  (B10's realized cost)
  endpoint is the seed prompt       : 1/1
  spend                             : $1.7584
  per-run endpoints are in <run>/endpoints.json — results.md is NOT written here
