=== §8b post-run selection pass ===
  run dirs        : 1
  gates required  : APPROVED-liverun
  candidates      : 9
  selection evals : 9 x 50 = 450
  test evals      : 1 x 1 x 150 = 150  (primary only; midpoint unbudgeted)
  estimated spend : ~$2.73
[gate ok] APPROVED-liverun  bytes=386  sha256=a89c00b72bceabb6...
    cand  0/8  sel_mean=0.5800  $0.235  1910.2s
    cand  1/8  sel_mean=0.5533  $0.512  201.5s
    cand  2/8  sel_mean=0.5400  $0.780  192.8s
    cand  3/8  sel_mean=0.5200  $1.092  179.4s
    cand  4/8  sel_mean=0.5267  $1.418  232.8s
    cand  5/8  sel_mean=0.5800  $1.746  191.2s
    cand  6/8  sel_mean=0.5467  $2.040  186.4s
    cand  7/8  sel_mean=0.5000  $2.325  198.3s
    cand  8/8  sel_mean=0.5533  $2.651  216.7s
  B_seed2: §8b winner = cand 0 (sel 0.5800) -> TEST 0.5644   [val-argmax was 1: DIFFER]   $3.355

=== POST-RUN PASS COMPLETE ===
  runs scored                       : 1
  §8b differs from val-argmax       : 1/1  (B10's realized cost)
  endpoint is the seed prompt       : 1/1
  spend                             : $3.3552
  per-run endpoints are in <run>/endpoints.json — results.md is NOT written here
