=== §8b post-run selection pass ===
  run dirs        : 1
  gates required  : APPROVED-liverun
  candidates      : 8
  selection evals : 8 x 50 = 400
  test evals      : 1 x 1 x 150 = 150  (primary only; midpoint unbudgeted)
  estimated spend : ~$2.50
[gate ok] APPROVED-liverun  bytes=386  sha256=a89c00b72bceabb6...
    cand  0/7  sel_mean=0.5267  $0.236  1799.6s
    cand  1/7  sel_mean=0.5333  $0.529  244.7s
    cand  2/7  sel_mean=0.4867  $0.854  241.2s
    cand  3/7  sel_mean=0.5533  $1.165  264.1s
    cand  4/7  sel_mean=0.5667  $1.503  253.8s
    cand  5/7  sel_mean=0.5200  $1.838  235.7s
    cand  6/7  sel_mean=0.5267  $2.150  330.6s
    cand  7/7  sel_mean=0.5200  $2.512  317.1s
  C_seed6: §8b winner = cand 4 (sel 0.5667) -> TEST 0.6089   [val-argmax was 5: DIFFER]   $3.520

=== POST-RUN PASS COMPLETE ===
  runs scored                       : 1
  §8b differs from val-argmax       : 1/1  (B10's realized cost)
  endpoint is the seed prompt       : 0/1
  spend                             : $3.5198
  per-run endpoints are in <run>/endpoints.json — results.md is NOT written here
