=== §8b post-run selection pass ===
  run dirs        : 1
  gates required  : APPROVED-liverun
  candidates      : 7
  selection evals : 7 x 50 = 350
  test evals      : 1 x 1 x 150 = 150  (primary only; midpoint unbudgeted)
  estimated spend : ~$2.27
[gate ok] APPROVED-liverun  bytes=386  sha256=a89c00b72bceabb6...
    cand  0/6  sel_mean=0.5467  $0.234  1923.3s
    cand  1/6  sel_mean=0.5400  $0.529  301.6s
    cand  2/6  sel_mean=0.5200  $0.862  259.5s
    cand  3/6  sel_mean=0.5667  $1.201  284.0s
    cand  4/6  sel_mean=0.5667  $1.545  282.8s
    cand  5/6  sel_mean=0.5733  $1.888  297.5s
    cand  6/6  sel_mean=0.5733  $2.206  274.4s
  C_seed0: §8b winner = cand 5 (sel 0.5733) -> TEST 0.6289   [val-argmax was 6: DIFFER]   $3.231

=== POST-RUN PASS COMPLETE ===
  runs scored                       : 1
  §8b differs from val-argmax       : 1/1  (B10's realized cost)
  endpoint is the seed prompt       : 0/1
  spend                             : $3.2308
  per-run endpoints are in <run>/endpoints.json — results.md is NOT written here
