=== §8b post-run selection pass ===
  run dirs        : 1
  gates required  : APPROVED-liverun
  candidates      : 9
  selection evals : 9 x 50 = 450
  test evals      : 1 x 1 x 150 = 150  (primary only; midpoint unbudgeted)
  estimated spend : ~$2.73
[gate ok] APPROVED-liverun  bytes=386  sha256=a89c00b72bceabb6...
    cand  0/8  sel_mean=0.6000  $0.233  1987.6s
    cand  1/8  sel_mean=0.5600  $0.512  242.0s
    cand  2/8  sel_mean=0.5400  $0.839  215.9s
    cand  3/8  sel_mean=0.5667  $1.128  194.4s
    cand  4/8  sel_mean=0.5533  $1.415  216.6s
    cand  5/8  sel_mean=0.5467  $1.734  183.5s
    cand  6/8  sel_mean=0.5867  $2.037  195.1s
    cand  7/8  sel_mean=0.5200  $2.367  223.0s
    cand  8/8  sel_mean=0.5467  $2.657  176.8s
  T_seed5: §8b winner = cand 0 (sel 0.6000) -> TEST 0.5733   [val-argmax was 4: DIFFER]   $3.358

=== POST-RUN PASS COMPLETE ===
  runs scored                       : 1
  §8b differs from val-argmax       : 1/1  (B10's realized cost)
  endpoint is the seed prompt       : 1/1
  spend                             : $3.3583
  per-run endpoints are in <run>/endpoints.json — results.md is NOT written here
