=== §8b post-run selection pass ===
  run dirs        : 1
  gates required  : APPROVED-liverun
  candidates      : 7
  selection evals : 7 x 50 = 350
  test evals      : 1 x 1 x 150 = 150  (primary only; midpoint unbudgeted)
  estimated spend : ~$2.27
[gate ok] APPROVED-liverun  bytes=386  sha256=a89c00b72bceabb6...
    cand  0/6  sel_mean=0.5800  $0.236  199.7s
    cand  1/6  sel_mean=0.5333  $0.521  199.4s
    cand  2/6  sel_mean=0.5533  $0.806  226.0s
    cand  3/6  sel_mean=0.5667  $1.070  208.1s
    cand  4/6  sel_mean=0.5933  $1.357  243.1s
    cand  5/6  sel_mean=0.5667  $1.634  195.4s
    cand  6/6  sel_mean=0.6000  $1.931  219.3s
  C_seed2: §8b winner = cand 6 (sel 0.6000) -> TEST 0.5911   [val-argmax was 0: DIFFER]   $2.812

=== POST-RUN PASS COMPLETE ===
  runs scored                       : 1
  §8b differs from val-argmax       : 1/1  (B10's realized cost)
  endpoint is the seed prompt       : 0/1
  spend                             : $2.8122
  per-run endpoints are in <run>/endpoints.json — results.md is NOT written here
