=== §8b post-run selection pass ===
  run dirs        : 1
  gates required  : APPROVED-liverun
  candidates      : 7
  selection evals : 7 x 50 = 350
  test evals      : 1 x 1 x 150 = 150  (primary only; midpoint unbudgeted)
  estimated spend : ~$2.27
[gate ok] APPROVED-liverun  bytes=386  sha256=a89c00b72bceabb6...
    cand  0/6  sel_mean=0.5733  $0.235  210.3s
    cand  1/6  sel_mean=0.5733  $0.527  218.6s
    cand  2/6  sel_mean=0.4467  $0.873  243.0s
    cand  3/6  sel_mean=0.5600  $1.215  242.9s
    cand  4/6  sel_mean=0.5200  $1.522  230.4s
    cand  5/6  sel_mean=0.5933  $1.795  213.0s
    cand  6/6  sel_mean=0.5600  $2.108  229.2s
  T_seed3: §8b winner = cand 5 (sel 0.5933) -> TEST 0.5689   [val-argmax was 1: DIFFER]   $2.935

=== POST-RUN PASS COMPLETE ===
  runs scored                       : 1
  §8b differs from val-argmax       : 1/1  (B10's realized cost)
  endpoint is the seed prompt       : 0/1
  spend                             : $2.9348
  per-run endpoints are in <run>/endpoints.json — results.md is NOT written here
