=== §8b post-run selection pass ===
  run dirs        : 1
  gates required  : APPROVED-liverun
  candidates      : 9
  selection evals : 9 x 50 = 450
  test evals      : 1 x 1 x 150 = 150  (primary only; midpoint unbudgeted)
  estimated spend : ~$2.73
[gate ok] APPROVED-liverun  bytes=386  sha256=a89c00b72bceabb6...
    cand  0/8  sel_mean=0.5600  $0.231  149.3s
    cand  1/8  sel_mean=0.5667  $0.517  165.6s
    cand  2/8  sel_mean=0.5867  $0.809  151.9s
    cand  3/8  sel_mean=0.5533  $1.104  172.0s
    cand  4/8  sel_mean=0.5533  $1.445  172.4s
    cand  5/8  sel_mean=0.5467  $1.769  181.7s
    cand  6/8  sel_mean=0.5933  $2.046  153.1s
    cand  7/8  sel_mean=0.5000  $2.403  214.8s
    cand  8/8  sel_mean=0.5533  $2.689  155.2s
  C_seed3: §8b winner = cand 6 (sel 0.5933) -> TEST 0.5667   [val-argmax was 2: DIFFER]   $3.516

=== POST-RUN PASS COMPLETE ===
  runs scored                       : 1
  §8b differs from val-argmax       : 1/1  (B10's realized cost)
  endpoint is the seed prompt       : 0/1
  spend                             : $3.5161
  per-run endpoints are in <run>/endpoints.json — results.md is NOT written here
