[gate ok] APPROVED-liverun  bytes=386  sha256=a89c00b72bceabb6...
2026-08-04 19:28:24  APPROVED-liverun present: 386 bytes sha256=a89c00b72bceabb6...
2026-08-04 19:28:24  waves: 24 pending, 0 already complete (resumed $0.0000), width=6 tripwire=$80.0 hardcap=$95.0 avail=3.80 GB
2026-08-04 19:28:24  launched B_seed0 (wave 1, width=6, running=1, pending=23, avail=3.80 GB)
2026-08-04 19:28:29  launched B_seed6 (wave 1, width=6, running=2, pending=22, avail=3.69 GB)
2026-08-04 19:28:34  launched C_seed4 (wave 1, width=6, running=3, pending=21, avail=3.07 GB)
2026-08-04 19:28:39  launched T_seed2 (wave 1, width=6, running=4, pending=20, avail=2.74 GB)
2026-08-04 19:28:44  launched B_seed3 (wave 1, width=6, running=5, pending=19, avail=2.64 GB)
2026-08-04 19:28:49  launched C_seed1 (wave 1, width=6, running=6, pending=18, avail=2.54 GB)
2026-08-04 21:39:07  DONE C_seed4 rc=0 7833s cum=$1.7711 done=1 failed=0 running=5
2026-08-04 21:39:07  launched C_seed7 (wave 1, width=6, running=6, pending=17, avail=4.24 GB)
2026-08-04 21:43:38  DONE B_seed6 rc=0 8109s cum=$3.8651 done=2 failed=0 running=5
2026-08-04 21:43:38  launched T_seed5 (wave 1, width=6, running=6, pending=16, avail=4.07 GB)
2026-08-04 21:44:53  DONE C_seed1 rc=0 8164s cum=$5.6135 done=3 failed=0 running=5
2026-08-04 21:44:53  launched B_seed2 (wave 2, width=6, running=6, pending=15, avail=3.74 GB)
2026-08-04 21:48:53  DONE T_seed2 rc=0 8414s cum=$7.5055 done=4 failed=0 running=5
2026-08-04 21:48:53  DONE B_seed3 rc=0 8409s cum=$9.6866 done=5 failed=0 running=4
2026-08-04 21:48:53  launched C_seed0 (wave 2, width=6, running=5, pending=14, avail=4.67 GB)
2026-08-04 21:48:58  launched C_seed6 (wave 2, width=6, running=6, pending=13, avail=4.33 GB)
2026-08-04 21:52:28  DONE B_seed0 rc=0 8644s cum=$11.7643 done=6 failed=0 running=5
2026-08-04 21:52:28  launched T_seed4 (wave 2, width=6, running=6, pending=12, avail=3.91 GB)
2026-08-04 23:53:46  DONE C_seed7 rc=0 8078s cum=$13.5989 done=7 failed=0 running=5
2026-08-04 23:53:46  launched B_seed5 (wave 2, width=6, running=6, pending=11, avail=4.50 GB)
2026-08-04 23:58:31  DONE T_seed5 rc=0 8093s cum=$15.4933 done=8 failed=0 running=5
2026-08-04 23:58:31  launched C_seed3 (wave 2, width=6, running=6, pending=10, avail=3.37 GB)
2026-08-05 00:00:46  DONE B_seed2 rc=0 8153s cum=$17.4175 done=9 failed=0 running=5
2026-08-05 00:00:46  launched T_seed1 (wave 2, width=6, running=6, pending=9, avail=4.61 GB)
2026-08-05 00:07:46  DONE C_seed6 rc=0 8328s cum=$19.4265 done=10 failed=0 running=5
2026-08-05 00:07:46  launched T_seed7 (wave 2, width=6, running=6, pending=8, avail=3.11 GB)
2026-08-05 00:14:31  DONE T_seed4 rc=0 8523s cum=$21.3053 done=11 failed=0 running=5
2026-08-05 00:14:31  launched B_seed4 (wave 3, width=6, running=6, pending=7, avail=3.67 GB)
2026-08-05 00:18:46  DONE C_seed0 rc=0 8993s cum=$23.3300 done=12 failed=0 running=5
2026-08-05 00:18:46  launched C_seed2 (wave 3, width=6, running=6, pending=6, avail=3.65 GB)
2026-08-05 02:38:50  DONE B_seed5 rc=0 9905s cum=$25.3134 done=13 failed=0 running=5
2026-08-05 02:38:50  launched T_seed0 (wave 3, width=6, running=6, pending=5, avail=3.82 GB)
2026-08-05 02:41:06  DONE C_seed3 rc=0 9755s cum=$27.1529 done=14 failed=0 running=5
2026-08-05 02:41:06  launched T_seed6 (wave 3, width=6, running=6, pending=4, avail=4.32 GB)
2026-08-05 02:47:51  DONE B_seed4 rc=0 9200s cum=$29.0121 done=15 failed=0 running=5
2026-08-05 02:47:51  launched B_seed1 (wave 3, width=6, running=6, pending=3, avail=4.11 GB)
2026-08-05 02:48:36  DONE T_seed1 rc=0 10070s cum=$31.0739 done=16 failed=0 running=5
2026-08-05 02:48:36  launched B_seed7 (wave 3, width=6, running=6, pending=2, avail=4.44 GB)
2026-08-05 02:52:51  DONE T_seed7 rc=0 9905s cum=$32.9745 done=17 failed=0 running=5
2026-08-05 02:52:51  launched C_seed5 (wave 3, width=6, running=6, pending=1, avail=3.84 GB)
2026-08-05 02:57:06  DONE C_seed2 rc=0 9500s cum=$34.7340 done=18 failed=0 running=5
2026-08-05 02:57:06  launched T_seed3 (wave 3, width=6, running=6, pending=0, avail=4.66 GB)
2026-08-05 05:08:25  DONE T_seed0 rc=0 8975s cum=$36.5464 done=19 failed=0 running=5
2026-08-05 05:20:56  DONE B_seed1 rc=0 9185s cum=$38.5316 done=20 failed=0 running=4
2026-08-05 05:23:56  DONE T_seed6 rc=0 9770s cum=$40.6174 done=21 failed=0 running=3
2026-08-05 05:26:26  DONE C_seed5 rc=0 9215s cum=$42.5610 done=22 failed=0 running=2
2026-08-05 05:35:56  DONE B_seed7 rc=0 10040s cum=$44.7737 done=23 failed=0 running=1
2026-08-05 05:36:26  DONE T_seed3 rc=0 9560s cum=$46.6905 done=24 failed=0 running=0
2026-08-05 05:36:26  COMPLETE done=24 failed=0 resumed=0 optimization_cost=$46.6905
2026-08-05 05:36:26  Next: score_candidates.py --all  (the §8b post-run pass), THEN the MDE + framing label, THEN results.md.
[gate ok] APPROVED-liverun  bytes=386  sha256=a89c00b72bceabb6...
2026-08-06 01:08:05  APPROVED-liverun present: 386 bytes sha256=a89c00b72bceabb6...
2026-08-06 01:08:05  score: 24 pending, 0 already scored ($0.0000), 0 not yet optimized, width=2 liverun_total=$46.69/150.0 avail=4.03 GB
2026-08-06 01:08:05  scoring B_seed0 (width=2, running=1, pending=23, avail=4.04 GB)
2026-08-06 01:08:10  scoring B_seed6 (width=2, running=2, pending=22, avail=4.12 GB)
2026-08-06 01:56:11  SCORE FAILED B_seed6 rc=-9 rate_hit=False — no auto-relaunch, width stays 2
2026-08-06 01:56:26  scoring C_seed4 (width=2, running=2, pending=21, avail=2.76 GB)
2026-08-06 02:42:58  SCORE FAILED B_seed0 rc=-9 rate_hit=False — no auto-relaunch, width stays 2
2026-08-06 02:43:13  scoring T_seed2 (width=2, running=2, pending=20, avail=4.51 GB)
2026-08-06 03:02:44  SCORE FAILED C_seed4 rc=-9 rate_hit=False — no auto-relaunch, width stays 2
2026-08-06 03:02:59  scoring B_seed3 (width=2, running=2, pending=19, avail=3.36 GB)
2026-08-06 03:25:14  SCORE FAILED B_seed3 rc=-9 rate_hit=False — no auto-relaunch, width stays 2
2026-08-06 03:25:29  scoring C_seed1 (width=2, running=2, pending=18, avail=4.06 GB)
2026-08-06 03:47:30  SCORE FAILED T_seed2 rc=-9 rate_hit=False — no auto-relaunch, width stays 2
2026-08-06 03:47:45  scoring C_seed7 (width=2, running=2, pending=17, avail=2.76 GB)
2026-08-06 04:48:02  SCORED C_seed1 rc=0 4953s $1.7584 liverun_total=$48.45/150.0 done=1 failed=5 running=1
2026-08-06 04:48:17  scoring T_seed5 (width=2, running=2, pending=16, avail=9.17 GB)
2026-08-06 04:59:17  SCORED C_seed7 rc=0 4292s $3.1089 liverun_total=$51.56/150.0 done=2 failed=5 running=1
2026-08-06 04:59:32  scoring B_seed2 (width=2, running=2, pending=15, avail=2.75 GB)
2026-08-06 06:00:19  SCORED T_seed5 rc=0 4322s $3.3583 liverun_total=$54.92/150.0 done=3 failed=5 running=1
2026-08-06 06:00:34  scoring C_seed0 (width=2, running=2, pending=14, avail=6.64 GB)
2026-08-06 06:12:34  SCORED B_seed2 rc=0 4382s $3.3552 liverun_total=$58.27/150.0 done=4 failed=5 running=1
2026-08-06 06:12:49  scoring C_seed6 (width=2, running=2, pending=13, avail=2.76 GB)
2026-08-06 07:16:21  SCORED C_seed0 rc=0 4547s $3.2308 liverun_total=$61.50/150.0 done=5 failed=5 running=1
2026-08-06 07:16:37  scoring T_seed4 (width=2, running=2, pending=12, avail=6.25 GB)
2026-08-06 07:28:52  SCORED C_seed6 rc=0 4562s $3.5198 liverun_total=$65.02/150.0 done=6 failed=5 running=1
2026-08-06 07:29:07  scoring B_seed5 (width=2, running=2, pending=11, avail=2.77 GB)
2026-08-06 08:41:09  SCORED T_seed4 rc=0 5073s $3.9936 liverun_total=$69.02/150.0 done=7 failed=5 running=1
2026-08-06 08:41:24  scoring C_seed3 (width=2, running=2, pending=10, avail=6.47 GB)
2026-08-06 08:47:55  SCORED B_seed5 rc=0 4728s $3.6212 liverun_total=$72.64/150.0 done=8 failed=5 running=1
2026-08-06 08:48:10  scoring T_seed1 (width=2, running=2, pending=9, avail=2.76 GB)
2026-08-06 10:40:13  SCORE FAILED T_seed1 rc=-9 rate_hit=False — no auto-relaunch, width stays 2
2026-08-06 10:40:28  scoring T_seed7 (width=2, running=2, pending=8, avail=2.75 GB)
2026-08-06 10:53:43  SCORE FAILED T_seed7 rc=-9 rate_hit=False — no auto-relaunch, width stays 2
2026-08-06 10:53:58  scoring B_seed4 (width=2, running=2, pending=7, avail=2.64 GB)
[gate ok] APPROVED-liverun  bytes=386  sha256=a89c00b72bceabb6...
2026-08-06 10:56:12  APPROVED-liverun present: 386 bytes sha256=a89c00b72bceabb6...
2026-08-06 10:56:12  score: 16 pending, 8 already scored ($25.9462), 0 not yet optimized, width=2 liverun_total=$72.64/150.0 avail=2.66 GB
2026-08-06 10:56:12  scoring B_seed0 (width=2, running=1, pending=15, avail=2.67 GB)
2026-08-06 10:56:17  scoring B_seed6 (width=2, running=2, pending=14, avail=2.66 GB)
2026-08-06 10:56:28  SCORE FAILED B_seed4 rc=-9 rate_hit=False — no auto-relaunch, width stays 2
2026-08-06 10:56:44  scoring C_seed2 (width=2, running=2, pending=6, avail=1.89 GB)
[gate ok] APPROVED-liverun  bytes=386  sha256=a89c00b72bceabb6...
2026-08-10 16:34:18  APPROVED-liverun present: 386 bytes sha256=a89c00b72bceabb6...
2026-08-10 16:34:18  score: 16 pending, 8 already scored ($25.9462), 0 not yet optimized, width=2 liverun_total=$72.64/150.0 avail=4.05 GB
2026-08-10 16:34:18  scoring B_seed0 (width=2, running=1, pending=15, avail=4.05 GB)
2026-08-10 16:34:23  scoring B_seed6 (width=2, running=2, pending=14, avail=4.14 GB)
[gate ok] APPROVED-liverun  bytes=386  sha256=a89c00b72bceabb6...
2026-08-10 17:48:33  APPROVED-liverun present: 386 bytes sha256=a89c00b72bceabb6...
2026-08-10 17:48:33  score: 16 pending, 8 already scored ($25.9462), 0 not yet optimized, width=4 liverun_total=$72.64/160.0 avail=3.73 GB
2026-08-10 17:48:33  scoring B_seed0 (width=4, running=1, pending=15, avail=3.73 GB)
2026-08-10 17:48:38  scoring B_seed6 (width=4, running=2, pending=14, avail=3.20 GB)
2026-08-10 17:48:43  scoring C_seed4 (width=4, running=3, pending=13, avail=2.88 GB)
2026-08-10 17:48:48  scoring T_seed2 (width=4, running=4, pending=12, avail=2.79 GB)
2026-08-10 18:22:34  SCORED C_seed4 rc=0 2031s $3.7139 liverun_total=$76.35/160.0 done=1 failed=0 running=3
2026-08-10 18:22:49  scoring B_seed3 (width=4, running=4, pending=11, avail=4.38 GB)
2026-08-10 18:27:34  SCORED T_seed2 rc=0 2326s $4.0313 liverun_total=$80.38/160.0 done=2 failed=0 running=3
2026-08-10 18:27:49  scoring C_seed3 (width=4, running=4, pending=10, avail=4.07 GB)
2026-08-10 18:30:19  SCORED B_seed0 rc=0 2506s $4.7847 liverun_total=$85.17/160.0 done=3 failed=0 running=3
2026-08-10 18:30:34  scoring T_seed1 (width=4, running=4, pending=9, avail=3.83 GB)
2026-08-10 18:32:19  SCORED B_seed6 rc=0 2621s $5.3026 liverun_total=$90.47/160.0 done=4 failed=0 running=3
2026-08-10 18:32:34  scoring T_seed7 (width=4, running=4, pending=8, avail=3.85 GB)
2026-08-10 19:00:50  SCORED B_seed3 rc=0 2281s $4.5850 liverun_total=$95.05/160.0 done=5 failed=0 running=3
2026-08-10 19:00:50  SCORED C_seed3 rc=0 1981s $3.5161 liverun_total=$98.57/160.0 done=6 failed=0 running=2
2026-08-10 19:01:05  scoring B_seed4 (width=4, running=3, pending=7, avail=5.34 GB)
2026-08-10 19:01:10  scoring C_seed2 (width=4, running=4, pending=6, avail=4.29 GB)
[gate ok] APPROVED-liverun  bytes=386  sha256=a89c00b72bceabb6...
2026-08-10 22:49:09  APPROVED-liverun present: 386 bytes sha256=a89c00b72bceabb6...
2026-08-10 22:49:09  score: 10 pending, 14 already scored ($51.8798), 0 not yet optimized, width=4 liverun_total=$98.57/160.0 avail=3.91 GB
2026-08-10 22:49:09  scoring T_seed1 (width=4, running=1, pending=9, avail=3.90 GB)
2026-08-10 22:49:14  scoring T_seed7 (width=4, running=2, pending=8, avail=3.65 GB)
2026-08-10 22:49:19  scoring B_seed4 (width=4, running=3, pending=7, avail=3.46 GB)
2026-08-10 22:49:24  scoring C_seed2 (width=4, running=4, pending=6, avail=3.05 GB)
2026-08-11 00:14:52  SCORE FAILED T_seed1 rc=-15 rate_hit=False — no auto-relaunch, width stays 4
2026-08-11 00:14:52  SCORE FAILED T_seed7 rc=-15 rate_hit=False — no auto-relaunch, width stays 4
2026-08-11 00:14:52  SCORE FAILED B_seed4 rc=-15 rate_hit=False — no auto-relaunch, width stays 4
2026-08-11 00:14:52  SCORE FAILED C_seed2 rc=-15 rate_hit=False — no auto-relaunch, width stays 4
2026-08-11 00:14:52  scoring T_seed0 (width=4, running=1, pending=5, avail=5.55 GB)
2026-08-11 00:14:57  scoring T_seed6 (width=4, running=2, pending=4, avail=4.87 GB)
2026-08-11 00:15:02  scoring B_seed1 (width=4, running=3, pending=3, avail=4.59 GB)
2026-08-11 00:15:07  scoring B_seed7 (width=4, running=4, pending=2, avail=4.26 GB)
2026-08-11 00:15:52  SCORE FAILED T_seed0 rc=-15 rate_hit=False — no auto-relaunch, width stays 4
2026-08-11 00:15:52  SCORE FAILED T_seed6 rc=-15 rate_hit=False — no auto-relaunch, width stays 4
2026-08-11 00:15:52  SCORE FAILED B_seed1 rc=-15 rate_hit=False — no auto-relaunch, width stays 4
2026-08-11 00:15:52  SCORE FAILED B_seed7 rc=-15 rate_hit=False — no auto-relaunch, width stays 4
2026-08-11 00:15:52  scoring C_seed5 (width=4, running=1, pending=1, avail=5.84 GB)
2026-08-11 00:15:57  scoring T_seed3 (width=4, running=2, pending=0, avail=4.75 GB)
[gate ok] APPROVED-liverun  bytes=386  sha256=a89c00b72bceabb6...
2026-08-11 00:16:46  APPROVED-liverun present: 386 bytes sha256=a89c00b72bceabb6...
2026-08-11 00:16:46  score: 10 pending, 14 already scored ($51.8798), 0 not yet optimized, width=4 liverun_total=$98.57/160.0 avail=5.29 GB
2026-08-11 00:16:46  scoring T_seed1 (width=4, running=1, pending=9, avail=5.29 GB)
2026-08-11 00:16:51  scoring T_seed7 (width=4, running=2, pending=8, avail=4.84 GB)
2026-08-11 00:16:56  scoring B_seed4 (width=4, running=3, pending=7, avail=4.45 GB)
2026-08-11 00:17:01  scoring C_seed2 (width=4, running=4, pending=6, avail=4.28 GB)
2026-08-11 00:26:31  SCORED T_seed1 rc=0 585s $0.8782 liverun_total=$99.45/160.0 done=1 failed=0 running=3
2026-08-11 00:26:47  scoring T_seed0 (width=4, running=4, pending=5, avail=4.36 GB)
2026-08-11 00:27:32  SCORED T_seed7 rc=0 640s $0.8838 liverun_total=$100.33/160.0 done=2 failed=0 running=3
2026-08-11 00:27:47  scoring T_seed6 (width=4, running=4, pending=4, avail=4.50 GB)
2026-08-11 00:51:32  SCORED C_seed2 rc=0 2071s $2.8122 liverun_total=$103.14/160.0 done=3 failed=0 running=3
2026-08-11 00:51:47  scoring B_seed1 (width=4, running=4, pending=3, avail=4.08 GB)
2026-08-11 01:15:03  SCORED B_seed4 rc=0 3486s $4.9572 liverun_total=$108.10/160.0 done=4 failed=0 running=3
2026-08-11 01:15:18  scoring B_seed7 (width=4, running=4, pending=2, avail=5.11 GB)
2026-08-11 01:15:18  SCORED T_seed0 rc=0 2911s $3.9534 liverun_total=$112.06/160.0 done=5 failed=0 running=3
2026-08-11 01:15:33  scoring C_seed5 (width=4, running=4, pending=1, avail=4.06 GB)
2026-08-11 01:17:18  SCORED T_seed6 rc=0 2971s $4.2131 liverun_total=$116.27/160.0 done=6 failed=0 running=3
2026-08-11 01:17:33  scoring T_seed3 (width=4, running=4, pending=0, avail=4.56 GB)
2026-08-11 01:43:19  SCORED B_seed1 rc=0 3092s $4.3322 liverun_total=$120.60/160.0 done=7 failed=0 running=3
2026-08-11 01:54:19  SCORED C_seed5 rc=0 2326s $3.0909 liverun_total=$123.69/160.0 done=8 failed=0 running=2
2026-08-11 01:54:19  SCORED T_seed3 rc=0 2206s $2.9348 liverun_total=$126.63/160.0 done=9 failed=0 running=1
2026-08-11 02:48:36  SCORED B_seed7 rc=0 5598s $6.1342 liverun_total=$132.76/160.0 done=10 failed=0 running=0
2026-08-11 02:48:36  SCORE COMPLETE done=10 failed=0 §8b spend=$86.0698  liverun total=$132.76/160.0
2026-08-11 02:48:36  Next: the MDE + §11-2 framing label (needs APPROVED-backfill), THEN results.md.
